../Core/Src/main.c:80:5:main	8	static
../Core/Src/main.c:132:6:SystemClock_Config	88	static
../Core/Src/main.c:179:13:MX_ADC1_Init	24	static
../Core/Src/main.c:231:13:MX_TIM7_Init	16	static
../Core/Src/main.c:269:13:MX_USART2_UART_Init	8	static
../Core/Src/main.c:302:13:MX_USART3_UART_Init	8	static
../Core/Src/main.c:335:13:MX_USB_OTG_FS_PCD_Init	8	static
../Core/Src/main.c:370:13:MX_GPIO_Init	56	static
../Core/Src/main.c:423:5:__io_putchar	16	static
../Core/Src/main.c:429:5:_write	24	static
../Core/Src/main.c:441:6:Error_Handler	4	static,ignoring_inline_asm
