12:30:53 **** Incremental Build of configuration Debug for project 13_Systic_Delay ****
make -j8 all 
arm-none-eabi-gcc "../Src/systick.c" -mcpu=cortex-m4 -std=gnu11 -g3 -DSTM32 -DSTM32F4 -DSTM32F411RETx -DDEBUG -DSTM32F411xE -c -I../Inc -I"C:/Users/kaver/OneDrive/Desktop/C_files/STM32/BareMetal Workspace/13_Systic_Delay/Drivers/CMSIS/Device/ST/STM32F4xx/Include" -I"C:/Users/kaver/OneDrive/Desktop/C_files/STM32/BareMetal Workspace/13_Systic_Delay/Drivers/CMSIS/Include" -O0 -ffunction-sections -fdata-sections -Wall -fstack-usage -fcyclomatic-complexity -MMD -MP -MF"Src/systick.d" -MT"Src/systick.o" --specs=nano.specs -mfpu=fpv4-sp-d16 -mfloat-abi=hard -mthumb -o "Src/systick.o"
arm-none-eabi-gcc -o "13_Systic_Delay.elf" @"objects.list"   -mcpu=cortex-m4 -T"C:\Users\kaver\OneDrive\Desktop\C_files\STM32\BareMetal Workspace\13_Systic_Delay\STM32F411RETX_FLASH.ld" --specs=nosys.specs -Wl,-Map="13_Systic_Delay.map" -Wl,--gc-sections -static --specs=nano.specs -mfpu=fpv4-sp-d16 -mfloat-abi=hard -mthumb -Wl,--start-group -lc -lm -Wl,--end-group
C:/ST/STM32CubeIDE_1.19.0/STM32CubeIDE/plugins/com.st.stm32cube.ide.mcu.externaltools.gnu-tools-for-stm32.13.3.rel1.win32_1.0.0.202411081344/tools/bin/../lib/gcc/arm-none-eabi/13.3.1/../../../../arm-none-eabi/bin/ld.exe: warning: 13_Systic_Delay.elf has a LOAD segment with RWX permissions
Finished building target: 13_Systic_Delay.elf
 
arm-none-eabi-size  13_Systic_Delay.elf 
arm-none-eabi-objdump -h -S 13_Systic_Delay.elf  > "13_Systic_Delay.list"
   text	   data	    bss	    dec	    hex	filename
   5380	    100	   1900	   7380	   1cd4	13_Systic_Delay.elf
Finished building: default.size.stdout
 
Finished building: 13_Systic_Delay.list
 

12:30:57 Build Finished. 0 errors, 1 warnings. (took 3s.827ms)

