12:26:30 **** Build of configuration Debug for project 17_Uart_RX_Interrupt ****
make -j8 all 
arm-none-eabi-gcc "../Src/uart.c" -mcpu=cortex-m4 -std=gnu11 -g3 -DSTM32 -DSTM32F4 -DSTM32F411RETx -DDEBUG -DSTM32F411xE -c -I../Inc -I"C:/Users/kaver/OneDrive/Desktop/C_files/STM32/BareMetal Workspace/17_Uart_RX_Interrupt/Drivers/CMSIS/Device/ST/STM32F4xx/Include" -I"C:/Users/kaver/OneDrive/Desktop/C_files/STM32/BareMetal Workspace/17_Uart_RX_Interrupt/Drivers/CMSIS/Include" -O0 -ffunction-sections -fdata-sections -Wall -fstack-usage -fcyclomatic-complexity -MMD -MP -MF"Src/uart.d" -MT"Src/uart.o" --specs=nano.specs -mfpu=fpv4-sp-d16 -mfloat-abi=hard -mthumb -o "Src/uart.o"
arm-none-eabi-gcc -o "17_Uart_RX_Interrupt.elf" @"objects.list"   -mcpu=cortex-m4 -T"C:\Users\kaver\OneDrive\Desktop\C_files\STM32\BareMetal Workspace\17_Uart_RX_Interrupt\STM32F411RETX_FLASH.ld" --specs=nosys.specs -Wl,-Map="17_Uart_RX_Interrupt.map" -Wl,--gc-sections -static --specs=nano.specs -mfpu=fpv4-sp-d16 -mfloat-abi=hard -mthumb -Wl,--start-group -lc -lm -Wl,--end-group
C:/ST/STM32CubeIDE_1.19.0/STM32CubeIDE/plugins/com.st.stm32cube.ide.mcu.externaltools.gnu-tools-for-stm32.13.3.rel1.win32_1.0.0.202411081344/tools/bin/../lib/gcc/arm-none-eabi/13.3.1/../../../../arm-none-eabi/bin/ld.exe: warning: 17_Uart_RX_Interrupt.elf has a LOAD segment with RWX permissions
Finished building target: 17_Uart_RX_Interrupt.elf
 
arm-none-eabi-size  17_Uart_RX_Interrupt.elf 
arm-none-eabi-objdump -h -S 17_Uart_RX_Interrupt.elf  > "17_Uart_RX_Interrupt.list"
   text	   data	    bss	    dec	    hex	filename
   1240	      8	   1568	   2816	    b00	17_Uart_RX_Interrupt.elf
Finished building: default.size.stdout
 
Finished building: 17_Uart_RX_Interrupt.list
 

12:26:32 Build Finished. 0 errors, 1 warnings. (took 2s.287ms)

