12:38:11 **** Incremental Build of configuration Debug for project 23_i2cADXL345 ****
make -j8 all 
arm-none-eabi-gcc "../Src/i2c.c" -mcpu=cortex-m4 -std=gnu11 -g3 -DSTM32 -DSTM32F4 -DSTM32F411RETx -DDEBUG -DSTM32F411xE -c -I../Inc -I"C:/Users/kaver/OneDrive/Desktop/C_files/STM32/BareMetal Workspace/23_i2cADXL345/Drivers/CMSIS/Device/ST/STM32F4xx/Include" -I"C:/Users/kaver/OneDrive/Desktop/C_files/STM32/BareMetal Workspace/23_i2cADXL345/Drivers/CMSIS/Include" -O0 -ffunction-sections -fdata-sections -Wall -fstack-usage -fcyclomatic-complexity -MMD -MP -MF"Src/i2c.d" -MT"Src/i2c.o" --specs=nano.specs -mfpu=fpv4-sp-d16 -mfloat-abi=hard -mthumb -o "Src/i2c.o"
arm-none-eabi-gcc -o "23_i2cADXL345.elf" @"objects.list"   -mcpu=cortex-m4 -T"C:\Users\kaver\OneDrive\Desktop\C_files\STM32\BareMetal Workspace\23_i2cADXL345\STM32F411RETX_FLASH.ld" --specs=nosys.specs -Wl,-Map="23_i2cADXL345.map" -Wl,--gc-sections -static --specs=nano.specs -mfpu=fpv4-sp-d16 -mfloat-abi=hard -mthumb -Wl,--start-group -lc -lm -Wl,--end-group
C:/ST/STM32CubeIDE_1.19.0/STM32CubeIDE/plugins/com.st.stm32cube.ide.mcu.externaltools.gnu-tools-for-stm32.13.3.rel1.win32_1.0.0.202411081344/tools/bin/../lib/gcc/arm-none-eabi/13.3.1/../../../../arm-none-eabi/bin/ld.exe: warning: 23_i2cADXL345.elf has a LOAD segment with RWX permissions
Finished building target: 23_i2cADXL345.elf
 
arm-none-eabi-size  23_i2cADXL345.elf 
arm-none-eabi-objdump -h -S 23_i2cADXL345.elf  > "23_i2cADXL345.list"
   text	   data	    bss	    dec	    hex	filename
   1428	      8	   1568	   3004	    bbc	23_i2cADXL345.elf
Finished building: default.size.stdout
 
Finished building: 23_i2cADXL345.list
 

12:38:12 Build Finished. 0 errors, 1 warnings. (took 722ms)

