11:34:42 **** Incremental Build of configuration Debug for project 22_Uart_TX_DMA ****
make -j8 all 
arm-none-eabi-gcc "../Src/main.c" -mcpu=cortex-m4 -std=gnu11 -g3 -DSTM32 -DSTM32F4 -DSTM32F411RETx -DDEBUG -DSTM32F411xE -c -I../Inc -I"C:/Users/kaver/OneDrive/Desktop/C_files/STM32/BareMetal Workspace/22_Uart_TX_DMA/Drivers/CMSIS/Device/ST/STM32F4xx/Include" -I"C:/Users/kaver/OneDrive/Desktop/C_files/STM32/BareMetal Workspace/22_Uart_TX_DMA/Drivers/CMSIS/Include" -O0 -ffunction-sections -fdata-sections -Wall -fstack-usage -fcyclomatic-complexity -MMD -MP -MF"Src/main.d" -MT"Src/main.o" --specs=nano.specs -mfpu=fpv4-sp-d16 -mfloat-abi=hard -mthumb -o "Src/main.o"
arm-none-eabi-gcc -o "22_Uart_TX_DMA.elf" @"objects.list"   -mcpu=cortex-m4 -T"C:\Users\kaver\OneDrive\Desktop\C_files\STM32\BareMetal Workspace\22_Uart_TX_DMA\STM32F411RETX_FLASH.ld" --specs=nosys.specs -Wl,-Map="22_Uart_TX_DMA.map" -Wl,--gc-sections -static --specs=nano.specs -mfpu=fpv4-sp-d16 -mfloat-abi=hard -mthumb -Wl,--start-group -lc -lm -Wl,--end-group
C:/ST/STM32CubeIDE_1.19.0/STM32CubeIDE/plugins/com.st.stm32cube.ide.mcu.externaltools.gnu-tools-for-stm32.13.3.rel1.win32_1.0.0.202411081344/tools/bin/../lib/gcc/arm-none-eabi/13.3.1/../../../../arm-none-eabi/bin/ld.exe: warning: 22_Uart_TX_DMA.elf has a LOAD segment with RWX permissions
Finished building target: 22_Uart_TX_DMA.elf
 
arm-none-eabi-size  22_Uart_TX_DMA.elf 
arm-none-eabi-objdump -h -S 22_Uart_TX_DMA.elf  > "22_Uart_TX_DMA.list"
   text	   data	    bss	    dec	    hex	filename
   1344	      8	   1568	   2920	    b68	22_Uart_TX_DMA.elf
Finished building: default.size.stdout
 
Finished building: 22_Uart_TX_DMA.list
 
11:34:58 **** Incremental Build of configuration Debug for project 22_Uart_TX_DMA ****
make -j8 all 
arm-none-eabi-size  22_Uart_TX_DMA.elf 
   text	   data	    bss	    dec	    hex	filename
   1344	      8	   1568	   2920	    b68	22_Uart_TX_DMA.elf
Finished building: default.size.stdout
 
11:35:41 **** Incremental Build of configuration Debug for project 22_Uart_TX_DMA ****
make -j8 all 
arm-none-eabi-size  22_Uart_TX_DMA.elf 
   text	   data	    bss	    dec	    hex	filename
   1344	      8	   1568	   2920	    b68	22_Uart_TX_DMA.elf
Finished building: default.size.stdout
 
11:35:58 **** Incremental Build of configuration Debug for project 22_Uart_TX_DMA ****
make -j8 all 
arm-none-eabi-gcc "../Src/main.c" -mcpu=cortex-m4 -std=gnu11 -g3 -DSTM32 -DSTM32F4 -DSTM32F411RETx -DDEBUG -DSTM32F411xE -c -I../Inc -I"C:/Users/kaver/OneDrive/Desktop/C_files/STM32/BareMetal Workspace/22_Uart_TX_DMA/Drivers/CMSIS/Device/ST/STM32F4xx/Include" -I"C:/Users/kaver/OneDrive/Desktop/C_files/STM32/BareMetal Workspace/22_Uart_TX_DMA/Drivers/CMSIS/Include" -O0 -ffunction-sections -fdata-sections -Wall -fstack-usage -fcyclomatic-complexity -MMD -MP -MF"Src/main.d" -MT"Src/main.o" --specs=nano.specs -mfpu=fpv4-sp-d16 -mfloat-abi=hard -mthumb -o "Src/main.o"
arm-none-eabi-gcc -o "22_Uart_TX_DMA.elf" @"objects.list"   -mcpu=cortex-m4 -T"C:\Users\kaver\OneDrive\Desktop\C_files\STM32\BareMetal Workspace\22_Uart_TX_DMA\STM32F411RETX_FLASH.ld" --specs=nosys.specs -Wl,-Map="22_Uart_TX_DMA.map" -Wl,--gc-sections -static --specs=nano.specs -mfpu=fpv4-sp-d16 -mfloat-abi=hard -mthumb -Wl,--start-group -lc -lm -Wl,--end-group
C:/ST/STM32CubeIDE_1.19.0/STM32CubeIDE/plugins/com.st.stm32cube.ide.mcu.externaltools.gnu-tools-for-stm32.13.3.rel1.win32_1.0.0.202411081344/tools/bin/../lib/gcc/arm-none-eabi/13.3.1/../../../../arm-none-eabi/bin/ld.exe: warning: 22_Uart_TX_DMA.elf has a LOAD segment with RWX permissions
Finished building target: 22_Uart_TX_DMA.elf
 
arm-none-eabi-size  22_Uart_TX_DMA.elf 
arm-none-eabi-objdump -h -S 22_Uart_TX_DMA.elf  > "22_Uart_TX_DMA.list"
   text	   data	    bss	    dec	    hex	filename
   1340	      8	   1568	   2916	    b64	22_Uart_TX_DMA.elf
Finished building: default.size.stdout
 
Finished building: 22_Uart_TX_DMA.list
 
11:37:05 **** Incremental Build of configuration Debug for project 22_Uart_TX_DMA ****
make -j8 all 
arm-none-eabi-gcc "../Src/main.c" -mcpu=cortex-m4 -std=gnu11 -g3 -DSTM32 -DSTM32F4 -DSTM32F411RETx -DDEBUG -DSTM32F411xE -c -I../Inc -I"C:/Users/kaver/OneDrive/Desktop/C_files/STM32/BareMetal Workspace/22_Uart_TX_DMA/Drivers/CMSIS/Device/ST/STM32F4xx/Include" -I"C:/Users/kaver/OneDrive/Desktop/C_files/STM32/BareMetal Workspace/22_Uart_TX_DMA/Drivers/CMSIS/Include" -O0 -ffunction-sections -fdata-sections -Wall -fstack-usage -fcyclomatic-complexity -MMD -MP -MF"Src/main.d" -MT"Src/main.o" --specs=nano.specs -mfpu=fpv4-sp-d16 -mfloat-abi=hard -mthumb -o "Src/main.o"
arm-none-eabi-gcc -o "22_Uart_TX_DMA.elf" @"objects.list"   -mcpu=cortex-m4 -T"C:\Users\kaver\OneDrive\Desktop\C_files\STM32\BareMetal Workspace\22_Uart_TX_DMA\STM32F411RETX_FLASH.ld" --specs=nosys.specs -Wl,-Map="22_Uart_TX_DMA.map" -Wl,--gc-sections -static --specs=nano.specs -mfpu=fpv4-sp-d16 -mfloat-abi=hard -mthumb -Wl,--start-group -lc -lm -Wl,--end-group
C:/ST/STM32CubeIDE_1.19.0/STM32CubeIDE/plugins/com.st.stm32cube.ide.mcu.externaltools.gnu-tools-for-stm32.13.3.rel1.win32_1.0.0.202411081344/tools/bin/../lib/gcc/arm-none-eabi/13.3.1/../../../../arm-none-eabi/bin/ld.exe: warning: 22_Uart_TX_DMA.elf has a LOAD segment with RWX permissions
Finished building target: 22_Uart_TX_DMA.elf
 
arm-none-eabi-size  22_Uart_TX_DMA.elf 
arm-none-eabi-objdump -h -S 22_Uart_TX_DMA.elf  > "22_Uart_TX_DMA.list"
   text	   data	    bss	    dec	    hex	filename
   1340	      8	   1568	   2916	    b64	22_Uart_TX_DMA.elf
Finished building: default.size.stdout
 
Finished building: 22_Uart_TX_DMA.list
 
11:38:02 **** Incremental Build of configuration Debug for project 22_Uart_TX_DMA ****
make -j8 all 
arm-none-eabi-gcc "../Src/main.c" -mcpu=cortex-m4 -std=gnu11 -g3 -DSTM32 -DSTM32F4 -DSTM32F411RETx -DDEBUG -DSTM32F411xE -c -I../Inc -I"C:/Users/kaver/OneDrive/Desktop/C_files/STM32/BareMetal Workspace/22_Uart_TX_DMA/Drivers/CMSIS/Device/ST/STM32F4xx/Include" -I"C:/Users/kaver/OneDrive/Desktop/C_files/STM32/BareMetal Workspace/22_Uart_TX_DMA/Drivers/CMSIS/Include" -O0 -ffunction-sections -fdata-sections -Wall -fstack-usage -fcyclomatic-complexity -MMD -MP -MF"Src/main.d" -MT"Src/main.o" --specs=nano.specs -mfpu=fpv4-sp-d16 -mfloat-abi=hard -mthumb -o "Src/main.o"
arm-none-eabi-gcc -o "22_Uart_TX_DMA.elf" @"objects.list"   -mcpu=cortex-m4 -T"C:\Users\kaver\OneDrive\Desktop\C_files\STM32\BareMetal Workspace\22_Uart_TX_DMA\STM32F411RETX_FLASH.ld" --specs=nosys.specs -Wl,-Map="22_Uart_TX_DMA.map" -Wl,--gc-sections -static --specs=nano.specs -mfpu=fpv4-sp-d16 -mfloat-abi=hard -mthumb -Wl,--start-group -lc -lm -Wl,--end-group
C:/ST/STM32CubeIDE_1.19.0/STM32CubeIDE/plugins/com.st.stm32cube.ide.mcu.externaltools.gnu-tools-for-stm32.13.3.rel1.win32_1.0.0.202411081344/tools/bin/../lib/gcc/arm-none-eabi/13.3.1/../../../../arm-none-eabi/bin/ld.exe: warning: 22_Uart_TX_DMA.elf has a LOAD segment with RWX permissions
Finished building target: 22_Uart_TX_DMA.elf
 
arm-none-eabi-size  22_Uart_TX_DMA.elf 
arm-none-eabi-objdump -h -S 22_Uart_TX_DMA.elf  > "22_Uart_TX_DMA.list"
   text	   data	    bss	    dec	    hex	filename
   1356	      8	   1568	   2932	    b74	22_Uart_TX_DMA.elf
Finished building: default.size.stdout
 
Finished building: 22_Uart_TX_DMA.list
 
11:38:43 **** Incremental Build of configuration Debug for project 22_Uart_TX_DMA ****
make -j8 all 
arm-none-eabi-gcc "../Src/main.c" -mcpu=cortex-m4 -std=gnu11 -g3 -DSTM32 -DSTM32F4 -DSTM32F411RETx -DDEBUG -DSTM32F411xE -c -I../Inc -I"C:/Users/kaver/OneDrive/Desktop/C_files/STM32/BareMetal Workspace/22_Uart_TX_DMA/Drivers/CMSIS/Device/ST/STM32F4xx/Include" -I"C:/Users/kaver/OneDrive/Desktop/C_files/STM32/BareMetal Workspace/22_Uart_TX_DMA/Drivers/CMSIS/Include" -O0 -ffunction-sections -fdata-sections -Wall -fstack-usage -fcyclomatic-complexity -MMD -MP -MF"Src/main.d" -MT"Src/main.o" --specs=nano.specs -mfpu=fpv4-sp-d16 -mfloat-abi=hard -mthumb -o "Src/main.o"
arm-none-eabi-gcc -o "22_Uart_TX_DMA.elf" @"objects.list"   -mcpu=cortex-m4 -T"C:\Users\kaver\OneDrive\Desktop\C_files\STM32\BareMetal Workspace\22_Uart_TX_DMA\STM32F411RETX_FLASH.ld" --specs=nosys.specs -Wl,-Map="22_Uart_TX_DMA.map" -Wl,--gc-sections -static --specs=nano.specs -mfpu=fpv4-sp-d16 -mfloat-abi=hard -mthumb -Wl,--start-group -lc -lm -Wl,--end-group
C:/ST/STM32CubeIDE_1.19.0/STM32CubeIDE/plugins/com.st.stm32cube.ide.mcu.externaltools.gnu-tools-for-stm32.13.3.rel1.win32_1.0.0.202411081344/tools/bin/../lib/gcc/arm-none-eabi/13.3.1/../../../../arm-none-eabi/bin/ld.exe: warning: 22_Uart_TX_DMA.elf has a LOAD segment with RWX permissions
Finished building target: 22_Uart_TX_DMA.elf
 
arm-none-eabi-size  22_Uart_TX_DMA.elf 
arm-none-eabi-objdump -h -S 22_Uart_TX_DMA.elf  > "22_Uart_TX_DMA.list"
   text	   data	    bss	    dec	    hex	filename
   1428	      8	   1568	   3004	    bbc	22_Uart_TX_DMA.elf
Finished building: default.size.stdout
 
Finished building: 22_Uart_TX_DMA.list
 
11:40:45 **** Incremental Build of configuration Debug for project 22_Uart_TX_DMA ****
make -j8 all 
arm-none-eabi-size  22_Uart_TX_DMA.elf 
   text	   data	    bss	    dec	    hex	filename
   1428	      8	   1568	   3004	    bbc	22_Uart_TX_DMA.elf
Finished building: default.size.stdout
 
11:42:38 **** Incremental Build of configuration Debug for project 22_Uart_TX_DMA ****
make -j8 all 
arm-none-eabi-size  22_Uart_TX_DMA.elf 
   text	   data	    bss	    dec	    hex	filename
   1428	      8	   1568	   3004	    bbc	22_Uart_TX_DMA.elf
Finished building: default.size.stdout
 
11:55:30 **** Incremental Build of configuration Debug for project 22_Uart_TX_DMA ****
make -j8 all 
arm-none-eabi-gcc "../Src/main.c" -mcpu=cortex-m4 -std=gnu11 -g3 -DSTM32 -DSTM32F4 -DSTM32F411RETx -DDEBUG -DSTM32F411xE -c -I../Inc -I"C:/Users/kaver/OneDrive/Desktop/C_files/STM32/BareMetal Workspace/22_Uart_TX_DMA/Drivers/CMSIS/Device/ST/STM32F4xx/Include" -I"C:/Users/kaver/OneDrive/Desktop/C_files/STM32/BareMetal Workspace/22_Uart_TX_DMA/Drivers/CMSIS/Include" -O0 -ffunction-sections -fdata-sections -Wall -fstack-usage -fcyclomatic-complexity -MMD -MP -MF"Src/main.d" -MT"Src/main.o" --specs=nano.specs -mfpu=fpv4-sp-d16 -mfloat-abi=hard -mthumb -o "Src/main.o"
arm-none-eabi-gcc "../Src/uart.c" -mcpu=cortex-m4 -std=gnu11 -g3 -DSTM32 -DSTM32F4 -DSTM32F411RETx -DDEBUG -DSTM32F411xE -c -I../Inc -I"C:/Users/kaver/OneDrive/Desktop/C_files/STM32/BareMetal Workspace/22_Uart_TX_DMA/Drivers/CMSIS/Device/ST/STM32F4xx/Include" -I"C:/Users/kaver/OneDrive/Desktop/C_files/STM32/BareMetal Workspace/22_Uart_TX_DMA/Drivers/CMSIS/Include" -O0 -ffunction-sections -fdata-sections -Wall -fstack-usage -fcyclomatic-complexity -MMD -MP -MF"Src/uart.d" -MT"Src/uart.o" --specs=nano.specs -mfpu=fpv4-sp-d16 -mfloat-abi=hard -mthumb -o "Src/uart.o"
arm-none-eabi-gcc -o "22_Uart_TX_DMA.elf" @"objects.list"   -mcpu=cortex-m4 -T"C:\Users\kaver\OneDrive\Desktop\C_files\STM32\BareMetal Workspace\22_Uart_TX_DMA\STM32F411RETX_FLASH.ld" --specs=nosys.specs -Wl,-Map="22_Uart_TX_DMA.map" -Wl,--gc-sections -static --specs=nano.specs -mfpu=fpv4-sp-d16 -mfloat-abi=hard -mthumb -Wl,--start-group -lc -lm -Wl,--end-group
C:/ST/STM32CubeIDE_1.19.0/STM32CubeIDE/plugins/com.st.stm32cube.ide.mcu.externaltools.gnu-tools-for-stm32.13.3.rel1.win32_1.0.0.202411081344/tools/bin/../lib/gcc/arm-none-eabi/13.3.1/../../../../arm-none-eabi/bin/ld.exe: warning: 22_Uart_TX_DMA.elf has a LOAD segment with RWX permissions
Finished building target: 22_Uart_TX_DMA.elf
 
arm-none-eabi-size  22_Uart_TX_DMA.elf 
arm-none-eabi-objdump -h -S 22_Uart_TX_DMA.elf  > "22_Uart_TX_DMA.list"
   text	   data	    bss	    dec	    hex	filename
   1428	      8	   1568	   3004	    bbc	22_Uart_TX_DMA.elf
Finished building: default.size.stdout
 
Finished building: 22_Uart_TX_DMA.list
 
12:01:48 **** Incremental Build of configuration Debug for project 22_Uart_TX_DMA ****
make -j8 all 
arm-none-eabi-gcc "../Src/main.c" -mcpu=cortex-m4 -std=gnu11 -g3 -DSTM32 -DSTM32F4 -DSTM32F411RETx -DDEBUG -DSTM32F411xE -c -I../Inc -I"C:/Users/kaver/OneDrive/Desktop/C_files/STM32/BareMetal Workspace/22_Uart_TX_DMA/Drivers/CMSIS/Device/ST/STM32F4xx/Include" -I"C:/Users/kaver/OneDrive/Desktop/C_files/STM32/BareMetal Workspace/22_Uart_TX_DMA/Drivers/CMSIS/Include" -O0 -ffunction-sections -fdata-sections -Wall -fstack-usage -fcyclomatic-complexity -MMD -MP -MF"Src/main.d" -MT"Src/main.o" --specs=nano.specs -mfpu=fpv4-sp-d16 -mfloat-abi=hard -mthumb -o "Src/main.o"
arm-none-eabi-gcc -o "22_Uart_TX_DMA.elf" @"objects.list"   -mcpu=cortex-m4 -T"C:\Users\kaver\OneDrive\Desktop\C_files\STM32\BareMetal Workspace\22_Uart_TX_DMA\STM32F411RETX_FLASH.ld" --specs=nosys.specs -Wl,-Map="22_Uart_TX_DMA.map" -Wl,--gc-sections -static --specs=nano.specs -mfpu=fpv4-sp-d16 -mfloat-abi=hard -mthumb -Wl,--start-group -lc -lm -Wl,--end-group
C:/ST/STM32CubeIDE_1.19.0/STM32CubeIDE/plugins/com.st.stm32cube.ide.mcu.externaltools.gnu-tools-for-stm32.13.3.rel1.win32_1.0.0.202411081344/tools/bin/../lib/gcc/arm-none-eabi/13.3.1/../../../../arm-none-eabi/bin/ld.exe: warning: 22_Uart_TX_DMA.elf has a LOAD segment with RWX permissions
Finished building target: 22_Uart_TX_DMA.elf
 
arm-none-eabi-size  22_Uart_TX_DMA.elf 
arm-none-eabi-objdump -h -S 22_Uart_TX_DMA.elf  > "22_Uart_TX_DMA.list"
   text	   data	    bss	    dec	    hex	filename
   1428	      8	   1568	   3004	    bbc	22_Uart_TX_DMA.elf
Finished building: default.size.stdout
 
Finished building: 22_Uart_TX_DMA.list
 
22:00:09 **** Build of configuration Debug for project 0_Blink_LED ****
make -j8 all 
arm-none-eabi-size  0_Blink_LED.elf 
   text	   data	    bss	    dec	    hex	filename
    872	      0	   1568	   2440	    988	0_Blink_LED.elf
Finished building: default.size.stdout
 
