19:15:53 **** Incremental Build of configuration Debug for project 18_Uart_TX_Interrupt ****
make -j8 all 
arm-none-eabi-gcc "../Src/main.c" -mcpu=cortex-m4 -std=gnu11 -g3 -DSTM32 -DSTM32F4 -DSTM32F411RETx -DDEBUG -DSTM32F411xE -c -I../Inc -I"C:/Users/kaver/OneDrive/Desktop/C_files/STM32/BareMetal Workspace/18_Uart_TX_Interrupt/Drivers/CMSIS/Device/ST/STM32F4xx/Include" -I"C:/Users/kaver/OneDrive/Desktop/C_files/STM32/BareMetal Workspace/18_Uart_TX_Interrupt/Drivers/CMSIS/Include" -O0 -ffunction-sections -fdata-sections -Wall -fstack-usage -fcyclomatic-complexity -MMD -MP -MF"Src/main.d" -MT"Src/main.o" --specs=nano.specs -mfpu=fpv4-sp-d16 -mfloat-abi=hard -mthumb -o "Src/main.o"
../Src/main.c: In function 'tx_interrupt_callback':
../Src/main.c:23:9: error: 'ch' undeclared (first use in this function); did you mean 'char'?
   23 |         ch = 'y';
      |         ^~
      |         char
../Src/main.c:23:9: note: each undeclared identifier is reported only once for each function it appears in
make: *** [Src/subdir.mk:28: Src/main.o] Error 1
"make -j8 all" terminated with exit code 2. Build might be incomplete.
19:17:24 **** Incremental Build of configuration Debug for project 18_Uart_TX_Interrupt ****
make -j8 all 
arm-none-eabi-gcc "../Src/main.c" -mcpu=cortex-m4 -std=gnu11 -g3 -DSTM32 -DSTM32F4 -DSTM32F411RETx -DDEBUG -DSTM32F411xE -c -I../Inc -I"C:/Users/kaver/OneDrive/Desktop/C_files/STM32/BareMetal Workspace/18_Uart_TX_Interrupt/Drivers/CMSIS/Device/ST/STM32F4xx/Include" -I"C:/Users/kaver/OneDrive/Desktop/C_files/STM32/BareMetal Workspace/18_Uart_TX_Interrupt/Drivers/CMSIS/Include" -O0 -ffunction-sections -fdata-sections -Wall -fstack-usage -fcyclomatic-complexity -MMD -MP -MF"Src/main.d" -MT"Src/main.o" --specs=nano.specs -mfpu=fpv4-sp-d16 -mfloat-abi=hard -mthumb -o "Src/main.o"
arm-none-eabi-gcc -o "18_Uart_TX_Interrupt.elf" @"objects.list"   -mcpu=cortex-m4 -T"C:\Users\kaver\OneDrive\Desktop\C_files\STM32\BareMetal Workspace\18_Uart_TX_Interrupt\STM32F411RETX_FLASH.ld" --specs=nosys.specs -Wl,-Map="18_Uart_TX_Interrupt.map" -Wl,--gc-sections -static --specs=nano.specs -mfpu=fpv4-sp-d16 -mfloat-abi=hard -mthumb -Wl,--start-group -lc -lm -Wl,--end-group
C:/ST/STM32CubeIDE_1.19.0/STM32CubeIDE/plugins/com.st.stm32cube.ide.mcu.externaltools.gnu-tools-for-stm32.13.3.rel1.win32_1.0.0.202411081344/tools/bin/../lib/gcc/arm-none-eabi/13.3.1/../../../../arm-none-eabi/bin/ld.exe: warning: 18_Uart_TX_Interrupt.elf has a LOAD segment with RWX permissions
Finished building target: 18_Uart_TX_Interrupt.elf
 
arm-none-eabi-size  18_Uart_TX_Interrupt.elf 
arm-none-eabi-objdump -h -S 18_Uart_TX_Interrupt.elf  > "18_Uart_TX_Interrupt.list"
   text	   data	    bss	    dec	    hex	filename
   1084	     12	   1564	   2660	    a64	18_Uart_TX_Interrupt.elf
Finished building: default.size.stdout
 
Finished building: 18_Uart_TX_Interrupt.list
 
19:17:38 **** Incremental Build of configuration Debug for project 8_Uart_TX_printf_modular ****
make -j8 all 
arm-none-eabi-size  8_Uart_TX_printf_modular.elf 
   text	   data	    bss	    dec	    hex	filename
   5164	    100	   1900	   7164	   1bfc	8_Uart_TX_printf_modular.elf
Finished building: default.size.stdout
 
19:20:16 **** Incremental Build of configuration Debug for project 18_Uart_TX_Interrupt ****
make -j8 all 
arm-none-eabi-size  18_Uart_TX_Interrupt.elf 
   text	   data	    bss	    dec	    hex	filename
   1084	     12	   1564	   2660	    a64	18_Uart_TX_Interrupt.elf
Finished building: default.size.stdout
 
19:24:05 **** Incremental Build of configuration Debug for project 18_Uart_TX_Interrupt ****
make -j8 all 
arm-none-eabi-size  18_Uart_TX_Interrupt.elf 
   text	   data	    bss	    dec	    hex	filename
   1084	     12	   1564	   2660	    a64	18_Uart_TX_Interrupt.elf
Finished building: default.size.stdout
 
19:24:51 **** Incremental Build of configuration Debug for project 18_Uart_TX_Interrupt ****
make -j8 all 
arm-none-eabi-size  18_Uart_TX_Interrupt.elf 
   text	   data	    bss	    dec	    hex	filename
   1084	     12	   1564	   2660	    a64	18_Uart_TX_Interrupt.elf
Finished building: default.size.stdout
 
19:29:17 **** Incremental Build of configuration Debug for project 18_Uart_TX_Interrupt ****
make -j8 all 
arm-none-eabi-gcc "../Src/main.c" -mcpu=cortex-m4 -std=gnu11 -g3 -DSTM32 -DSTM32F4 -DSTM32F411RETx -DDEBUG -DSTM32F411xE -c -I../Inc -I"C:/Users/kaver/OneDrive/Desktop/C_files/STM32/BareMetal Workspace/18_Uart_TX_Interrupt/Drivers/CMSIS/Device/ST/STM32F4xx/Include" -I"C:/Users/kaver/OneDrive/Desktop/C_files/STM32/BareMetal Workspace/18_Uart_TX_Interrupt/Drivers/CMSIS/Include" -O0 -ffunction-sections -fdata-sections -Wall -fstack-usage -fcyclomatic-complexity -MMD -MP -MF"Src/main.d" -MT"Src/main.o" --specs=nano.specs -mfpu=fpv4-sp-d16 -mfloat-abi=hard -mthumb -o "Src/main.o"
../Src/main.c: In function 'tx_interrupt_callback':
../Src/main.c:25:45: error: expected ';' before '}' token
   25 |         printf("hey this from stm32.....\r")
      |                                             ^
      |                                             ;
   26 | 
   27 | }
      | ~                                            
make: *** [Src/subdir.mk:28: Src/main.o] Error 1
"make -j8 all" terminated with exit code 2. Build might be incomplete.
19:29:34 **** Incremental Build of configuration Debug for project 18_Uart_TX_Interrupt ****
make -j8 all 
arm-none-eabi-gcc "../Src/main.c" -mcpu=cortex-m4 -std=gnu11 -g3 -DSTM32 -DSTM32F4 -DSTM32F411RETx -DDEBUG -DSTM32F411xE -c -I../Inc -I"C:/Users/kaver/OneDrive/Desktop/C_files/STM32/BareMetal Workspace/18_Uart_TX_Interrupt/Drivers/CMSIS/Device/ST/STM32F4xx/Include" -I"C:/Users/kaver/OneDrive/Desktop/C_files/STM32/BareMetal Workspace/18_Uart_TX_Interrupt/Drivers/CMSIS/Include" -O0 -ffunction-sections -fdata-sections -Wall -fstack-usage -fcyclomatic-complexity -MMD -MP -MF"Src/main.d" -MT"Src/main.o" --specs=nano.specs -mfpu=fpv4-sp-d16 -mfloat-abi=hard -mthumb -o "Src/main.o"
arm-none-eabi-gcc -o "18_Uart_TX_Interrupt.elf" @"objects.list"   -mcpu=cortex-m4 -T"C:\Users\kaver\OneDrive\Desktop\C_files\STM32\BareMetal Workspace\18_Uart_TX_Interrupt\STM32F411RETX_FLASH.ld" --specs=nosys.specs -Wl,-Map="18_Uart_TX_Interrupt.map" -Wl,--gc-sections -static --specs=nano.specs -mfpu=fpv4-sp-d16 -mfloat-abi=hard -mthumb -Wl,--start-group -lc -lm -Wl,--end-group
C:/ST/STM32CubeIDE_1.19.0/STM32CubeIDE/plugins/com.st.stm32cube.ide.mcu.externaltools.gnu-tools-for-stm32.13.3.rel1.win32_1.0.0.202411081344/tools/bin/../lib/gcc/arm-none-eabi/13.3.1/../../../../arm-none-eabi/bin/ld.exe: warning: 18_Uart_TX_Interrupt.elf has a LOAD segment with RWX permissions
Finished building target: 18_Uart_TX_Interrupt.elf
 
arm-none-eabi-size  18_Uart_TX_Interrupt.elf 
arm-none-eabi-objdump -h -S 18_Uart_TX_Interrupt.elf  > "18_Uart_TX_Interrupt.list"
   text	   data	    bss	    dec	    hex	filename
   5340	    100	   1908	   7348	   1cb4	18_Uart_TX_Interrupt.elf
Finished building: default.size.stdout
 
Finished building: 18_Uart_TX_Interrupt.list
 
19:31:56 **** Incremental Build of configuration Debug for project 18_Uart_TX_Interrupt ****
make -j8 all 
arm-none-eabi-gcc "../Src/main.c" -mcpu=cortex-m4 -std=gnu11 -g3 -DSTM32 -DSTM32F4 -DSTM32F411RETx -DDEBUG -DSTM32F411xE -c -I../Inc -I"C:/Users/kaver/OneDrive/Desktop/C_files/STM32/BareMetal Workspace/18_Uart_TX_Interrupt/Drivers/CMSIS/Device/ST/STM32F4xx/Include" -I"C:/Users/kaver/OneDrive/Desktop/C_files/STM32/BareMetal Workspace/18_Uart_TX_Interrupt/Drivers/CMSIS/Include" -O0 -ffunction-sections -fdata-sections -Wall -fstack-usage -fcyclomatic-complexity -MMD -MP -MF"Src/main.d" -MT"Src/main.o" --specs=nano.specs -mfpu=fpv4-sp-d16 -mfloat-abi=hard -mthumb -o "Src/main.o"
arm-none-eabi-gcc -o "18_Uart_TX_Interrupt.elf" @"objects.list"   -mcpu=cortex-m4 -T"C:\Users\kaver\OneDrive\Desktop\C_files\STM32\BareMetal Workspace\18_Uart_TX_Interrupt\STM32F411RETX_FLASH.ld" --specs=nosys.specs -Wl,-Map="18_Uart_TX_Interrupt.map" -Wl,--gc-sections -static --specs=nano.specs -mfpu=fpv4-sp-d16 -mfloat-abi=hard -mthumb -Wl,--start-group -lc -lm -Wl,--end-group
C:/ST/STM32CubeIDE_1.19.0/STM32CubeIDE/plugins/com.st.stm32cube.ide.mcu.externaltools.gnu-tools-for-stm32.13.3.rel1.win32_1.0.0.202411081344/tools/bin/../lib/gcc/arm-none-eabi/13.3.1/../../../../arm-none-eabi/bin/ld.exe: warning: 18_Uart_TX_Interrupt.elf has a LOAD segment with RWX permissions
Finished building target: 18_Uart_TX_Interrupt.elf
 
arm-none-eabi-size  18_Uart_TX_Interrupt.elf 
arm-none-eabi-objdump -h -S 18_Uart_TX_Interrupt.elf  > "18_Uart_TX_Interrupt.list"
   text	   data	    bss	    dec	    hex	filename
   5340	    100	   1908	   7348	   1cb4	18_Uart_TX_Interrupt.elf
Finished building: default.size.stdout
 
Finished building: 18_Uart_TX_Interrupt.list
 
19:37:53 **** Incremental Build of configuration Debug for project 18_Uart_TX_Interrupt ****
make -j8 all 
arm-none-eabi-gcc "../Src/main.c" -mcpu=cortex-m4 -std=gnu11 -g3 -DSTM32 -DSTM32F4 -DSTM32F411RETx -DDEBUG -DSTM32F411xE -c -I../Inc -I"C:/Users/kaver/OneDrive/Desktop/C_files/STM32/BareMetal Workspace/18_Uart_TX_Interrupt/Drivers/CMSIS/Device/ST/STM32F4xx/Include" -I"C:/Users/kaver/OneDrive/Desktop/C_files/STM32/BareMetal Workspace/18_Uart_TX_Interrupt/Drivers/CMSIS/Include" -O0 -ffunction-sections -fdata-sections -Wall -fstack-usage -fcyclomatic-complexity -MMD -MP -MF"Src/main.d" -MT"Src/main.o" --specs=nano.specs -mfpu=fpv4-sp-d16 -mfloat-abi=hard -mthumb -o "Src/main.o"
arm-none-eabi-gcc -o "18_Uart_TX_Interrupt.elf" @"objects.list"   -mcpu=cortex-m4 -T"C:\Users\kaver\OneDrive\Desktop\C_files\STM32\BareMetal Workspace\18_Uart_TX_Interrupt\STM32F411RETX_FLASH.ld" --specs=nosys.specs -Wl,-Map="18_Uart_TX_Interrupt.map" -Wl,--gc-sections -static --specs=nano.specs -mfpu=fpv4-sp-d16 -mfloat-abi=hard -mthumb -Wl,--start-group -lc -lm -Wl,--end-group
C:/ST/STM32CubeIDE_1.19.0/STM32CubeIDE/plugins/com.st.stm32cube.ide.mcu.externaltools.gnu-tools-for-stm32.13.3.rel1.win32_1.0.0.202411081344/tools/bin/../lib/gcc/arm-none-eabi/13.3.1/../../../../arm-none-eabi/bin/ld.exe: warning: 18_Uart_TX_Interrupt.elf has a LOAD segment with RWX permissions
Finished building target: 18_Uart_TX_Interrupt.elf
 
arm-none-eabi-size  18_Uart_TX_Interrupt.elf 
arm-none-eabi-objdump -h -S 18_Uart_TX_Interrupt.elf  > "18_Uart_TX_Interrupt.list"
   text	   data	    bss	    dec	    hex	filename
   3892	    100	   1908	   5900	   170c	18_Uart_TX_Interrupt.elf
Finished building: default.size.stdout
 
Finished building: 18_Uart_TX_Interrupt.list
 
19:38:01 **** Incremental Build of configuration Debug for project 18_Uart_TX_Interrupt ****
make -j8 all 
arm-none-eabi-size  18_Uart_TX_Interrupt.elf 
   text	   data	    bss	    dec	    hex	filename
   3892	    100	   1908	   5900	   170c	18_Uart_TX_Interrupt.elf
Finished building: default.size.stdout
 
19:42:59 **** Incremental Build of configuration Debug for project 18_Uart_TX_Interrupt ****
make -j8 all 
arm-none-eabi-gcc "../Src/main.c" -mcpu=cortex-m4 -std=gnu11 -g3 -DSTM32 -DSTM32F4 -DSTM32F411RETx -DDEBUG -DSTM32F411xE -c -I../Inc -I"C:/Users/kaver/OneDrive/Desktop/C_files/STM32/BareMetal Workspace/18_Uart_TX_Interrupt/Drivers/CMSIS/Device/ST/STM32F4xx/Include" -I"C:/Users/kaver/OneDrive/Desktop/C_files/STM32/BareMetal Workspace/18_Uart_TX_Interrupt/Drivers/CMSIS/Include" -O0 -ffunction-sections -fdata-sections -Wall -fstack-usage -fcyclomatic-complexity -MMD -MP -MF"Src/main.d" -MT"Src/main.o" --specs=nano.specs -mfpu=fpv4-sp-d16 -mfloat-abi=hard -mthumb -o "Src/main.o"
../Src/main.c: In function 'tx_interrupt_callback':
../Src/main.c:29:21: error: 'CR_TXEIE' undeclared (first use in this function); did you mean 'SR_TXE'?
   29 |     USART3->CR1 &= ~CR_TXEIE;  //  Disable TXE interrupt
      |                     ^~~~~~~~
      |                     SR_TXE
../Src/main.c:29:21: note: each undeclared identifier is reported only once for each function it appears in
make: *** [Src/subdir.mk:28: Src/main.o] Error 1
"make -j8 all" terminated with exit code 2. Build might be incomplete.
19:43:36 **** Incremental Build of configuration Debug for project 18_Uart_TX_Interrupt ****
make -j8 all 
arm-none-eabi-gcc "../Src/main.c" -mcpu=cortex-m4 -std=gnu11 -g3 -DSTM32 -DSTM32F4 -DSTM32F411RETx -DDEBUG -DSTM32F411xE -c -I../Inc -I"C:/Users/kaver/OneDrive/Desktop/C_files/STM32/BareMetal Workspace/18_Uart_TX_Interrupt/Drivers/CMSIS/Device/ST/STM32F4xx/Include" -I"C:/Users/kaver/OneDrive/Desktop/C_files/STM32/BareMetal Workspace/18_Uart_TX_Interrupt/Drivers/CMSIS/Include" -O0 -ffunction-sections -fdata-sections -Wall -fstack-usage -fcyclomatic-complexity -MMD -MP -MF"Src/main.d" -MT"Src/main.o" --specs=nano.specs -mfpu=fpv4-sp-d16 -mfloat-abi=hard -mthumb -o "Src/main.o"
arm-none-eabi-gcc "../Src/uart.c" -mcpu=cortex-m4 -std=gnu11 -g3 -DSTM32 -DSTM32F4 -DSTM32F411RETx -DDEBUG -DSTM32F411xE -c -I../Inc -I"C:/Users/kaver/OneDrive/Desktop/C_files/STM32/BareMetal Workspace/18_Uart_TX_Interrupt/Drivers/CMSIS/Device/ST/STM32F4xx/Include" -I"C:/Users/kaver/OneDrive/Desktop/C_files/STM32/BareMetal Workspace/18_Uart_TX_Interrupt/Drivers/CMSIS/Include" -O0 -ffunction-sections -fdata-sections -Wall -fstack-usage -fcyclomatic-complexity -MMD -MP -MF"Src/uart.d" -MT"Src/uart.o" --specs=nano.specs -mfpu=fpv4-sp-d16 -mfloat-abi=hard -mthumb -o "Src/uart.o"
arm-none-eabi-gcc -o "18_Uart_TX_Interrupt.elf" @"objects.list"   -mcpu=cortex-m4 -T"C:\Users\kaver\OneDrive\Desktop\C_files\STM32\BareMetal Workspace\18_Uart_TX_Interrupt\STM32F411RETX_FLASH.ld" --specs=nosys.specs -Wl,-Map="18_Uart_TX_Interrupt.map" -Wl,--gc-sections -static --specs=nano.specs -mfpu=fpv4-sp-d16 -mfloat-abi=hard -mthumb -Wl,--start-group -lc -lm -Wl,--end-group
C:/ST/STM32CubeIDE_1.19.0/STM32CubeIDE/plugins/com.st.stm32cube.ide.mcu.externaltools.gnu-tools-for-stm32.13.3.rel1.win32_1.0.0.202411081344/tools/bin/../lib/gcc/arm-none-eabi/13.3.1/../../../../arm-none-eabi/bin/ld.exe: warning: 18_Uart_TX_Interrupt.elf has a LOAD segment with RWX permissions
Finished building target: 18_Uart_TX_Interrupt.elf
 
arm-none-eabi-size  18_Uart_TX_Interrupt.elf 
arm-none-eabi-objdump -h -S 18_Uart_TX_Interrupt.elf  > "18_Uart_TX_Interrupt.list"
   text	   data	    bss	    dec	    hex	filename
   3904	    100	   1908	   5912	   1718	18_Uart_TX_Interrupt.elf
Finished building: default.size.stdout
 
Finished building: 18_Uart_TX_Interrupt.list
 
19:49:06 **** Incremental Build of configuration Debug for project 18_Uart_TX_Interrupt ****
make -j8 all 
arm-none-eabi-gcc "../Src/main.c" -mcpu=cortex-m4 -std=gnu11 -g3 -DSTM32 -DSTM32F4 -DSTM32F411RETx -DDEBUG -DSTM32F411xE -c -I../Inc -I"C:/Users/kaver/OneDrive/Desktop/C_files/STM32/BareMetal Workspace/18_Uart_TX_Interrupt/Drivers/CMSIS/Device/ST/STM32F4xx/Include" -I"C:/Users/kaver/OneDrive/Desktop/C_files/STM32/BareMetal Workspace/18_Uart_TX_Interrupt/Drivers/CMSIS/Include" -O0 -ffunction-sections -fdata-sections -Wall -fstack-usage -fcyclomatic-complexity -MMD -MP -MF"Src/main.d" -MT"Src/main.o" --specs=nano.specs -mfpu=fpv4-sp-d16 -mfloat-abi=hard -mthumb -o "Src/main.o"
arm-none-eabi-gcc -o "18_Uart_TX_Interrupt.elf" @"objects.list"   -mcpu=cortex-m4 -T"C:\Users\kaver\OneDrive\Desktop\C_files\STM32\BareMetal Workspace\18_Uart_TX_Interrupt\STM32F411RETX_FLASH.ld" --specs=nosys.specs -Wl,-Map="18_Uart_TX_Interrupt.map" -Wl,--gc-sections -static --specs=nano.specs -mfpu=fpv4-sp-d16 -mfloat-abi=hard -mthumb -Wl,--start-group -lc -lm -Wl,--end-group
C:/ST/STM32CubeIDE_1.19.0/STM32CubeIDE/plugins/com.st.stm32cube.ide.mcu.externaltools.gnu-tools-for-stm32.13.3.rel1.win32_1.0.0.202411081344/tools/bin/../lib/gcc/arm-none-eabi/13.3.1/../../../../arm-none-eabi/bin/ld.exe: warning: 18_Uart_TX_Interrupt.elf has a LOAD segment with RWX permissions
Finished building target: 18_Uart_TX_Interrupt.elf
 
arm-none-eabi-size  18_Uart_TX_Interrupt.elf 
arm-none-eabi-objdump -h -S 18_Uart_TX_Interrupt.elf  > "18_Uart_TX_Interrupt.list"
   text	   data	    bss	    dec	    hex	filename
   3920	    100	   1908	   5928	   1728	18_Uart_TX_Interrupt.elf
Finished building: default.size.stdout
 
Finished building: 18_Uart_TX_Interrupt.list
 
19:55:37 **** Incremental Build of configuration Debug for project 18_Uart_TX_Interrupt ****
make -j8 all 
arm-none-eabi-gcc "../Src/main.c" -mcpu=cortex-m4 -std=gnu11 -g3 -DSTM32 -DSTM32F4 -DSTM32F411RETx -DDEBUG -DSTM32F411xE -c -I../Inc -I"C:/Users/kaver/OneDrive/Desktop/C_files/STM32/BareMetal Workspace/18_Uart_TX_Interrupt/Drivers/CMSIS/Device/ST/STM32F4xx/Include" -I"C:/Users/kaver/OneDrive/Desktop/C_files/STM32/BareMetal Workspace/18_Uart_TX_Interrupt/Drivers/CMSIS/Include" -O0 -ffunction-sections -fdata-sections -Wall -fstack-usage -fcyclomatic-complexity -MMD -MP -MF"Src/main.d" -MT"Src/main.o" --specs=nano.specs -mfpu=fpv4-sp-d16 -mfloat-abi=hard -mthumb -o "Src/main.o"
arm-none-eabi-gcc -o "18_Uart_TX_Interrupt.elf" @"objects.list"   -mcpu=cortex-m4 -T"C:\Users\kaver\OneDrive\Desktop\C_files\STM32\BareMetal Workspace\18_Uart_TX_Interrupt\STM32F411RETX_FLASH.ld" --specs=nosys.specs -Wl,-Map="18_Uart_TX_Interrupt.map" -Wl,--gc-sections -static --specs=nano.specs -mfpu=fpv4-sp-d16 -mfloat-abi=hard -mthumb -Wl,--start-group -lc -lm -Wl,--end-group
C:/ST/STM32CubeIDE_1.19.0/STM32CubeIDE/plugins/com.st.stm32cube.ide.mcu.externaltools.gnu-tools-for-stm32.13.3.rel1.win32_1.0.0.202411081344/tools/bin/../lib/gcc/arm-none-eabi/13.3.1/../../../../arm-none-eabi/bin/ld.exe: warning: 18_Uart_TX_Interrupt.elf has a LOAD segment with RWX permissions
Finished building target: 18_Uart_TX_Interrupt.elf
 
arm-none-eabi-size  18_Uart_TX_Interrupt.elf 
arm-none-eabi-objdump -h -S 18_Uart_TX_Interrupt.elf  > "18_Uart_TX_Interrupt.list"
   text	   data	    bss	    dec	    hex	filename
   5420	    100	   1908	   7428	   1d04	18_Uart_TX_Interrupt.elf
Finished building: default.size.stdout
 
Finished building: 18_Uart_TX_Interrupt.list
 
