../Core/Src/main.c:79:5:main	8	static
../Core/Src/main.c:141:6:SystemClock_Config	88	static
../Core/Src/main.c:188:13:MX_TIM2_Init	80	static
../Core/Src/main.c:268:13:MX_TIM3_Init	64	static
../Core/Src/main.c:330:13:MX_USART3_UART_Init	8	static
../Core/Src/main.c:363:13:MX_USB_OTG_FS_PCD_Init	8	static
../Core/Src/main.c:396:13:MX_DMA_Init	16	static
../Core/Src/main.c:417:13:MX_GPIO_Init	48	static
../Core/Src/main.c:453:5:__io_putchar	16	static
../Core/Src/main.c:459:5:_write	24	static
../Core/Src/main.c:470:6:Error_Handler	4	static,ignoring_inline_asm
