14:54:14 **** Incremental Build of configuration Debug for project 010_Task_Event_Flags_Multiple ****
make -j8 all 
arm-none-eabi-gcc "../Core/Src/main.c" -mcpu=cortex-m4 -std=gnu11 -g3 -DDEBUG -DUSE_HAL_DRIVER -DSTM32F446xx -c -I../Core/Inc -I../Drivers/STM32F4xx_HAL_Driver/Inc -I../Drivers/STM32F4xx_HAL_Driver/Inc/Legacy -I../Middlewares/Third_Party/FreeRTOS/Source/include -I../Middlewares/Third_Party/FreeRTOS/Source/CMSIS_RTOS_V2 -I../Middlewares/Third_Party/FreeRTOS/Source/portable/GCC/ARM_CM4F -I../Drivers/CMSIS/Device/ST/STM32F4xx/Include -I../Drivers/CMSIS/Include -O0 -ffunction-sections -fdata-sections -Wall -fstack-usage -fcyclomatic-complexity -MMD -MP -MF"Core/Src/main.d" -MT"Core/Src/main.o" --specs=nano.specs -mfpu=fpv4-sp-d16 -mfloat-abi=hard -mthumb -o "Core/Src/main.o"
arm-none-eabi-gcc -o "010_Task_Event_Flags_Multiple.elf" @"objects.list"   -mcpu=cortex-m4 -T"E:\C_Files\STM32\RTOS Workspace\Workspace\010_Task_Event_Flags_Multiple\STM32F446ZETX_FLASH.ld" --specs=nosys.specs -Wl,-Map="010_Task_Event_Flags_Multiple.map" -Wl,--gc-sections -static --specs=nano.specs -mfpu=fpv4-sp-d16 -mfloat-abi=hard -mthumb -Wl,--start-group -lc -lm -Wl,--end-group
Finished building target: 010_Task_Event_Flags_Multiple.elf
 
arm-none-eabi-size  010_Task_Event_Flags_Multiple.elf 
arm-none-eabi-objdump -h -S 010_Task_Event_Flags_Multiple.elf  > "010_Task_Event_Flags_Multiple.list"
   text	   data	    bss	    dec	    hex	filename
  21476	     96	  20920	  42492	   a5fc	010_Task_Event_Flags_Multiple.elf
Finished building: default.size.stdout
 
Finished building: 010_Task_Event_Flags_Multiple.list
 

14:54:16 Build Finished. 0 errors, 0 warnings. (took 1s.163ms)

