22:56:05 **** Incremental Build of configuration Debug for project 01_Project_Smart_Monitoring_Alarm_System ****
make -j8 all 
arm-none-eabi-gcc "../Core/Src/main.c" -mcpu=cortex-m4 -std=gnu11 -g3 -DDEBUG -DUSE_HAL_DRIVER -DSTM32F446xx -c -I../Core/Inc -I../Drivers/STM32F4xx_HAL_Driver/Inc -I../Drivers/STM32F4xx_HAL_Driver/Inc/Legacy -I../Drivers/CMSIS/Device/ST/STM32F4xx/Include -I../Drivers/CMSIS/Include -I../Middlewares/Third_Party/FreeRTOS/Source/include -I../Middlewares/Third_Party/FreeRTOS/Source/CMSIS_RTOS_V2 -I../Middlewares/Third_Party/FreeRTOS/Source/portable/GCC/ARM_CM4F -O0 -ffunction-sections -fdata-sections -Wall -fstack-usage -fcyclomatic-complexity -MMD -MP -MF"Core/Src/main.d" -MT"Core/Src/main.o" --specs=nano.specs -mfpu=fpv4-sp-d16 -mfloat-abi=hard -mthumb -o "Core/Src/main.o"
arm-none-eabi-gcc -o "01_Project_Smart_Monitoring_Alarm_System.elf" @"objects.list"   -mcpu=cortex-m4 -T"E:\C_Files\STM32\RTOS Workspace\Workspace\01_Project_Smart_Monitoring_Alarm_System\STM32F446ZETX_FLASH.ld" --specs=nosys.specs -Wl,-Map="01_Project_Smart_Monitoring_Alarm_System.map" -Wl,--gc-sections -static --specs=nano.specs -mfpu=fpv4-sp-d16 -mfloat-abi=hard -mthumb -Wl,--start-group -lc -lm -Wl,--end-group
Finished building target: 01_Project_Smart_Monitoring_Alarm_System.elf
 
arm-none-eabi-size  01_Project_Smart_Monitoring_Alarm_System.elf 
arm-none-eabi-objdump -h -S 01_Project_Smart_Monitoring_Alarm_System.elf  > "01_Project_Smart_Monitoring_Alarm_System.list"
   text	   data	    bss	    dec	    hex	filename
  29900	    108	  21004	  51012	   c744	01_Project_Smart_Monitoring_Alarm_System.elf
Finished building: default.size.stdout
 
Finished building: 01_Project_Smart_Monitoring_Alarm_System.list
 

22:56:09 Build Finished. 0 errors, 0 warnings. (took 4s.546ms)

