22:23:23 **** Incremental Build of configuration Debug for project 04_Task_Priority_Inversion ****
make -j8 all 
arm-none-eabi-gcc "../Core/Src/main.c" -mcpu=cortex-m4 -std=gnu11 -g3 -DDEBUG -DUSE_HAL_DRIVER -DSTM32F446xx -c -I../Core/Inc -I../Drivers/STM32F4xx_HAL_Driver/Inc -I../Drivers/STM32F4xx_HAL_Driver/Inc/Legacy -I../Middlewares/Third_Party/FreeRTOS/Source/include -I../Middlewares/Third_Party/FreeRTOS/Source/CMSIS_RTOS_V2 -I../Middlewares/Third_Party/FreeRTOS/Source/portable/GCC/ARM_CM4F -I../Drivers/CMSIS/Device/ST/STM32F4xx/Include -I../Drivers/CMSIS/Include -O0 -ffunction-sections -fdata-sections -Wall -fstack-usage -fcyclomatic-complexity -MMD -MP -MF"Core/Src/main.d" -MT"Core/Src/main.o" --specs=nano.specs -mfpu=fpv4-sp-d16 -mfloat-abi=hard -mthumb -o "Core/Src/main.o"
arm-none-eabi-gcc -o "04_Task_Priority_Inversion.elf" @"objects.list"   -mcpu=cortex-m4 -T"E:\C_Files\STM32\RTOS Workspace\Workspace\04_Task_Priority_Inversion\STM32F446ZETX_FLASH.ld" --specs=nosys.specs -Wl,-Map="04_Task_Priority_Inversion.map" -Wl,--gc-sections -static --specs=nano.specs -mfpu=fpv4-sp-d16 -mfloat-abi=hard -mthumb -Wl,--start-group -lc -lm -Wl,--end-group
Finished building target: 04_Task_Priority_Inversion.elf
 
arm-none-eabi-size  04_Task_Priority_Inversion.elf 
arm-none-eabi-objdump -h -S 04_Task_Priority_Inversion.elf  > "04_Task_Priority_Inversion.list"
   text	   data	    bss	    dec	    hex	filename
  24428	     96	  20992	  45516	   b1cc	04_Task_Priority_Inversion.elf
Finished building: default.size.stdout
 
Finished building: 04_Task_Priority_Inversion.list
 

22:23:25 Build Finished. 0 errors, 0 warnings. (took 1s.154ms)

