12:49:15 **** Incremental Build of configuration Debug for project 08_Task_Queues_Feedback ****
make -j8 all 
arm-none-eabi-gcc "../Core/Src/main.c" -mcpu=cortex-m4 -std=gnu11 -g3 -DDEBUG -DUSE_HAL_DRIVER -DSTM32F446xx -c -I../Core/Inc -I../Drivers/STM32F4xx_HAL_Driver/Inc -I../Drivers/STM32F4xx_HAL_Driver/Inc/Legacy -I../Middlewares/Third_Party/FreeRTOS/Source/include -I../Middlewares/Third_Party/FreeRTOS/Source/CMSIS_RTOS_V2 -I../Middlewares/Third_Party/FreeRTOS/Source/portable/GCC/ARM_CM4F -I../Drivers/CMSIS/Device/ST/STM32F4xx/Include -I../Drivers/CMSIS/Include -O0 -ffunction-sections -fdata-sections -Wall -fstack-usage -fcyclomatic-complexity -MMD -MP -MF"Core/Src/main.d" -MT"Core/Src/main.o" --specs=nano.specs -mfpu=fpv4-sp-d16 -mfloat-abi=hard -mthumb -o "Core/Src/main.o"
arm-none-eabi-gcc -o "08_Task_Queues_Feedback.elf" @"objects.list"   -mcpu=cortex-m4 -T"E:\C_Files\STM32\RTOS Workspace\Workspace\08_Task_Queues_Feedback\STM32F446ZETX_FLASH.ld" --specs=nosys.specs -Wl,-Map="08_Task_Queues_Feedback.map" -Wl,--gc-sections -static --specs=nano.specs -mfpu=fpv4-sp-d16 -mfloat-abi=hard -mthumb -Wl,--start-group -lc -lm -Wl,--end-group
Finished building target: 08_Task_Queues_Feedback.elf
 
arm-none-eabi-size  08_Task_Queues_Feedback.elf 
arm-none-eabi-objdump -h -S 08_Task_Queues_Feedback.elf  > "08_Task_Queues_Feedback.list"
   text	   data	    bss	    dec	    hex	filename
  20768	     96	  20928	  41792	   a340	08_Task_Queues_Feedback.elf
Finished building: default.size.stdout
 
Finished building: 08_Task_Queues_Feedback.list
 

12:49:16 Build Finished. 0 errors, 0 warnings. (took 1s.428ms)

