12:13:09 **** Incremental Build of configuration Debug for project P1 ****
make -j8 all 
arm-none-eabi-gcc "../Core/Src/main.c" -mcpu=cortex-m4 -std=gnu11 -g3 -DDEBUG -DUSE_HAL_DRIVER -DSTM32F446xx -c -I../Core/Inc -I../Drivers/STM32F4xx_HAL_Driver/Inc -I../Drivers/STM32F4xx_HAL_Driver/Inc/Legacy -I../Drivers/CMSIS/Device/ST/STM32F4xx/Include -I../Drivers/CMSIS/Include -I../Middlewares/Third_Party/FreeRTOS/Source/include -I../Middlewares/Third_Party/FreeRTOS/Source/CMSIS_RTOS_V2 -I../Middlewares/Third_Party/FreeRTOS/Source/portable/GCC/ARM_CM4F -O0 -ffunction-sections -fdata-sections -Wall -fstack-usage -fcyclomatic-complexity -MMD -MP -MF"Core/Src/main.d" -MT"Core/Src/main.o" --specs=nano.specs -mfpu=fpv4-sp-d16 -mfloat-abi=hard -mthumb -o "Core/Src/main.o"
arm-none-eabi-gcc -o "P1.elf" @"objects.list"   -mcpu=cortex-m4 -T"E:\C_Files\STM32\RTOS Workspace\Workspace\P1\STM32F446ZETX_FLASH.ld" --specs=nosys.specs -Wl,-Map="P1.map" -Wl,--gc-sections -static --specs=nano.specs -mfpu=fpv4-sp-d16 -mfloat-abi=hard -mthumb -Wl,--start-group -lc -lm -Wl,--end-group
Finished building target: P1.elf
 
arm-none-eabi-size  P1.elf 
arm-none-eabi-objdump -h -S P1.elf  > "P1.list"
   text	   data	    bss	    dec	    hex	filename
  25868	     96	  20976	  46940	   b75c	P1.elf
Finished building: default.size.stdout
 
Finished building: P1.list
 

12:13:12 Build Finished. 0 errors, 0 warnings. (took 3s.275ms)

