../Core/Src/main.c:76:5:main	8	static
../Core/Src/main.c:124:6:SystemClock_Config	88	static
../Core/Src/main.c:171:13:MX_TIM10_Init	8	static
../Core/Src/main.c:202:13:MX_USART2_UART_Init	8	static
../Core/Src/main.c:235:13:MX_USART3_UART_Init	8	static
../Core/Src/main.c:268:13:MX_USB_OTG_FS_PCD_Init	8	static
../Core/Src/main.c:303:13:MX_GPIO_Init	56	static
../Core/Src/main.c:356:5:__io_putchar	16	static
../Core/Src/main.c:362:5:_write	24	static
../Core/Src/main.c:368:6:HAL_TIM_PeriodElapsedCallback	24	static
../Core/Src/main.c:384:6:Error_Handler	4	static,ignoring_inline_asm
