15:00:08 **** Incremental Build of configuration Debug for project mpu6050 ****
make -j8 all 
arm-none-eabi-gcc "../Core/Src/main.c" -mcpu=cortex-m4 -std=gnu11 -g3 -DDEBUG -DUSE_HAL_DRIVER -DSTM32F446xx -c -I../Core/Inc -I../Drivers/STM32F4xx_HAL_Driver/Inc -I../Drivers/STM32F4xx_HAL_Driver/Inc/Legacy -I../Drivers/CMSIS/Device/ST/STM32F4xx/Include -I../Drivers/CMSIS/Include -O0 -ffunction-sections -fdata-sections -Wall -fstack-usage -fcyclomatic-complexity -MMD -MP -MF"Core/Src/main.d" -MT"Core/Src/main.o" --specs=nano.specs -mfpu=fpv4-sp-d16 -mfloat-abi=hard -mthumb -o "Core/Src/main.o"
../Core/Src/main.c: In function 'main':
../Core/Src/main.c:106:21: warning: unused variable 'res' [-Wunused-variable]
  106 |   HAL_StatusTypeDef res;
      |                     ^~~
../Core/Src/main.c:105:11: warning: unused variable 'found' [-Wunused-variable]
  105 |   uint8_t found = 0;
      |           ^~~~~
arm-none-eabi-gcc -o "mpu6050.elf" @"objects.list"   -mcpu=cortex-m4 -T"C:\Users\kaver\OneDrive\Desktop\C_files\STM32\HAL Workspace\mpu6050\STM32F446ZETX_FLASH.ld" --specs=nosys.specs -Wl,-Map="mpu6050.map" -Wl,--gc-sections -static --specs=nano.specs -mfpu=fpv4-sp-d16 -mfloat-abi=hard -mthumb -Wl,--start-group -lc -lm -Wl,--end-group
Finished building target: mpu6050.elf
 
arm-none-eabi-size  mpu6050.elf 
arm-none-eabi-objdump -h -S mpu6050.elf  > "mpu6050.list"
   text	   data	    bss	    dec	    hex	filename
  16384	     12	   2980	  19376	   4bb0	mpu6050.elf
Finished building: default.size.stdout
 
Finished building: mpu6050.list
 

15:00:09 Build Finished. 0 errors, 2 warnings. (took 1s.283ms)

