12:08:51 **** Incremental Build of configuration Debug for project Timer_Led ****
make -j8 all 
arm-none-eabi-gcc "../Core/Src/main.c" -mcpu=cortex-m4 -std=gnu11 -g3 -DDEBUG -DUSE_HAL_DRIVER -DSTM32F446xx -c -I../Core/Inc -I../Drivers/STM32F4xx_HAL_Driver/Inc -I../Drivers/STM32F4xx_HAL_Driver/Inc/Legacy -I../Drivers/CMSIS/Device/ST/STM32F4xx/Include -I../Drivers/CMSIS/Include -O0 -ffunction-sections -fdata-sections -Wall -fstack-usage -fcyclomatic-complexity -MMD -MP -MF"Core/Src/main.d" -MT"Core/Src/main.o" --specs=nano.specs -mfpu=fpv4-sp-d16 -mfloat-abi=hard -mthumb -o "Core/Src/main.o"
arm-none-eabi-gcc -o "Timer_Led.elf" @"objects.list"   -mcpu=cortex-m4 -T"C:\Users\kaver\OneDrive\Desktop\C_files\STM32\HAL Workspace\Timer_Led\STM32F446ZETX_FLASH.ld" --specs=nosys.specs -Wl,-Map="Timer_Led.map" -Wl,--gc-sections -static --specs=nano.specs -mfpu=fpv4-sp-d16 -mfloat-abi=hard -mthumb -Wl,--start-group -lc -lm -Wl,--end-group
Finished building target: Timer_Led.elf
 
arm-none-eabi-size  Timer_Led.elf 
arm-none-eabi-objdump -h -S Timer_Led.elf  > "Timer_Led.list"
arm-none-eabi-objcopy  -O ihex Timer_Led.elf  "Timer_Led.hex"
   text	   data	    bss	    dec	    hex	filename
   9328	     12	   1644	  10984	   2ae8	Timer_Led.elf
arm-none-eabi-objcopy  -O binary Timer_Led.elf  "Timer_Led.bin"
Finished building: default.size.stdout
 
Finished building: Timer_Led.hex
Finished building: Timer_Led.bin
 
 
Finished building: Timer_Led.list
 

12:08:53 Build Finished. 0 errors, 0 warnings. (took 1s.366ms)

