14:43:22 **** Incremental Build of configuration Debug for project touch_detection ****
make -j8 all 
arm-none-eabi-gcc "../Core/Src/main.c" -mcpu=cortex-m4 -std=gnu11 -g3 -DDEBUG -DUSE_HAL_DRIVER -DSTM32F446xx -c -I../Core/Inc -I../Drivers/STM32F4xx_HAL_Driver/Inc -I../Drivers/STM32F4xx_HAL_Driver/Inc/Legacy -I../Drivers/CMSIS/Device/ST/STM32F4xx/Include -I../Drivers/CMSIS/Include -O0 -ffunction-sections -fdata-sections -Wall -fstack-usage -fcyclomatic-complexity -MMD -MP -MF"Core/Src/main.d" -MT"Core/Src/main.o" --specs=nano.specs -mfpu=fpv4-sp-d16 -mfloat-abi=hard -mthumb -o "Core/Src/main.o"
arm-none-eabi-gcc -o "touch_detection.elf" @"objects.list"   -mcpu=cortex-m4 -T"C:\Users\kaver\OneDrive\Desktop\C_files\STM32\HAL Workspace\touch_detection\STM32F446ZETX_FLASH.ld" --specs=nosys.specs -Wl,-Map="touch_detection.map" -Wl,--gc-sections -static --specs=nano.specs -mfpu=fpv4-sp-d16 -mfloat-abi=hard -mthumb -Wl,--start-group -lc -lm -Wl,--end-group
Finished building target: touch_detection.elf
 
arm-none-eabi-size  touch_detection.elf 
arm-none-eabi-objdump -h -S touch_detection.elf  > "touch_detection.list"
   text	   data	    bss	    dec	    hex	filename
  12924	     12	   2892	  15828	   3dd4	touch_detection.elf
Finished building: default.size.stdout
 
Finished building: touch_detection.list
 

14:43:24 Build Finished. 0 errors, 0 warnings. (took 2s.343ms)

