11:00:18 **** Incremental Build of configuration Debug for project UART_Polling ****
make -j8 all 
arm-none-eabi-gcc "../Core/Src/main.c" -mcpu=cortex-m4 -std=gnu11 -g3 -DDEBUG -DUSE_HAL_DRIVER -DSTM32F446xx -c -I../Core/Inc -I../Drivers/STM32F4xx_HAL_Driver/Inc -I../Drivers/STM32F4xx_HAL_Driver/Inc/Legacy -I../Drivers/CMSIS/Device/ST/STM32F4xx/Include -I../Drivers/CMSIS/Include -O0 -ffunction-sections -fdata-sections -Wall -fstack-usage -fcyclomatic-complexity -MMD -MP -MF"Core/Src/main.d" -MT"Core/Src/main.o" --specs=nano.specs -mfpu=fpv4-sp-d16 -mfloat-abi=hard -mthumb -o "Core/Src/main.o"
arm-none-eabi-gcc -o "UART_Polling.elf" @"objects.list"   -mcpu=cortex-m4 -T"C:\Users\kaver\OneDrive\Desktop\C_files\STM32\HAL Workspace\UART_Polling\STM32F446ZETX_FLASH.ld" --specs=nosys.specs -Wl,-Map="UART_Polling.map" -Wl,--gc-sections -static --specs=nano.specs -mfpu=fpv4-sp-d16 -mfloat-abi=hard -mthumb -Wl,--start-group -lc -lm -Wl,--end-group
Finished building target: UART_Polling.elf
 
arm-none-eabi-size  UART_Polling.elf 
arm-none-eabi-objdump -h -S UART_Polling.elf  > "UART_Polling.list"
   text	   data	    bss	    dec	    hex	filename
  13944	     28	   2916	  16888	   41f8	UART_Polling.elf
Finished building: default.size.stdout
 
Finished building: UART_Polling.list
 

11:00:19 Build Finished. 0 errors, 0 warnings. (took 1s.459ms)

