../Core/Src/main.c:78:5:main	48	static
../Core/Src/main.c:140:6:SystemClock_Config	88	static
../Core/Src/main.c:187:13:MX_TIM4_Init	56	static
../Core/Src/main.c:236:13:MX_TIM5_Init	56	static
../Core/Src/main.c:285:13:MX_USART3_UART_Init	8	static
../Core/Src/main.c:318:13:MX_USB_OTG_FS_PCD_Init	8	static
../Core/Src/main.c:353:13:MX_GPIO_Init	56	static
../Core/Src/main.c:406:5:__io_putchar	16	static
../Core/Src/main.c:412:5:_write	24	static
../Core/Src/main.c:423:6:Error_Handler	4	static,ignoring_inline_asm
