15:25:21 **** Incremental Build of configuration Debug for project GPIO_Interrupt ****
make -j8 all 
arm-none-eabi-gcc "../Core/Src/main.c" -mcpu=cortex-m4 -std=gnu11 -g3 -DDEBUG -DUSE_HAL_DRIVER -DSTM32F446xx -c -I../Core/Inc -I../Drivers/STM32F4xx_HAL_Driver/Inc -I../Drivers/STM32F4xx_HAL_Driver/Inc/Legacy -I../Drivers/CMSIS/Device/ST/STM32F4xx/Include -I../Drivers/CMSIS/Include -O0 -ffunction-sections -fdata-sections -Wall -fstack-usage -fcyclomatic-complexity -MMD -MP -MF"Core/Src/main.d" -MT"Core/Src/main.o" --specs=nano.specs -mfpu=fpv4-sp-d16 -mfloat-abi=hard -mthumb -o "Core/Src/main.o"
arm-none-eabi-gcc -o "GPIO_Interrupt.elf" @"objects.list"   -mcpu=cortex-m4 -T"C:\Users\kaver\OneDrive\Desktop\C_files\STM32\HAL Workspace\GPIO_Interrupt\STM32F446ZETX_FLASH.ld" --specs=nosys.specs -Wl,-Map="GPIO_Interrupt.map" -Wl,--gc-sections -static --specs=nano.specs -mfpu=fpv4-sp-d16 -mfloat-abi=hard -mthumb -Wl,--start-group -lc -lm -Wl,--end-group
Finished building target: GPIO_Interrupt.elf
 
arm-none-eabi-size  GPIO_Interrupt.elf 
arm-none-eabi-objdump -h -S GPIO_Interrupt.elf  > "GPIO_Interrupt.list"
   text	   data	    bss	    dec	    hex	filename
   6996	     12	   1572	   8580	   2184	GPIO_Interrupt.elf
Finished building: default.size.stdout
 
Finished building: GPIO_Interrupt.list
 

15:25:23 Build Finished. 0 errors, 0 warnings. (took 1s.925ms)

