10:58:28 **** Incremental Build of configuration Debug for project ir_array ****
make -j8 all 
arm-none-eabi-gcc "../Core/Src/main.c" -mcpu=cortex-m4 -std=gnu11 -g3 -DDEBUG -DUSE_HAL_DRIVER -DSTM32F446xx -c -I../Core/Inc -I../Drivers/STM32F4xx_HAL_Driver/Inc -I../Drivers/STM32F4xx_HAL_Driver/Inc/Legacy -I../Drivers/CMSIS/Device/ST/STM32F4xx/Include -I../Drivers/CMSIS/Include -O0 -ffunction-sections -fdata-sections -Wall -fstack-usage -fcyclomatic-complexity -MMD -MP -MF"Core/Src/main.d" -MT"Core/Src/main.o" --specs=nano.specs -mfpu=fpv4-sp-d16 -mfloat-abi=hard -mthumb -o "Core/Src/main.o"
arm-none-eabi-gcc -o "ir_array.elf" @"objects.list"   -mcpu=cortex-m4 -T"C:\Users\kaver\OneDrive\Desktop\C_files\STM32\HAL Workspace\ir_array\STM32F446ZETX_FLASH.ld" --specs=nosys.specs -Wl,-Map="ir_array.map" -Wl,--gc-sections -static --specs=nano.specs -mfpu=fpv4-sp-d16 -mfloat-abi=hard -mthumb -Wl,--start-group -lc -lm -Wl,--end-group
Finished building target: ir_array.elf
 
arm-none-eabi-size  ir_array.elf 
arm-none-eabi-objdump -h -S ir_array.elf  > "ir_array.list"
   text	   data	    bss	    dec	    hex	filename
  18004	    120	   3232	  21356	   536c	ir_array.elf
Finished building: default.size.stdout
 
Finished building: ir_array.list
 

10:58:31 Build Finished. 0 errors, 0 warnings. (took 2s.551ms)

