11:41:34 **** Incremental Build of configuration Debug for project LED_Brightness_Control ****
make -j8 all 
arm-none-eabi-gcc "../Core/Src/main.c" -mcpu=cortex-m4 -std=gnu11 -g3 -DDEBUG -DUSE_HAL_DRIVER -DSTM32F446xx -c -I../Core/Inc -I../Drivers/STM32F4xx_HAL_Driver/Inc -I../Drivers/STM32F4xx_HAL_Driver/Inc/Legacy -I../Drivers/CMSIS/Device/ST/STM32F4xx/Include -I../Drivers/CMSIS/Include -O0 -ffunction-sections -fdata-sections -Wall -fstack-usage -fcyclomatic-complexity -MMD -MP -MF"Core/Src/main.d" -MT"Core/Src/main.o" --specs=nano.specs -mfpu=fpv4-sp-d16 -mfloat-abi=hard -mthumb -o "Core/Src/main.o"
arm-none-eabi-gcc -o "LED_Brightness_Control.elf" @"objects.list"   -mcpu=cortex-m4 -T"C:\Users\kaver\OneDrive\Desktop\C_files\STM32\HAL Workspace\LED_Brightness_Control\STM32F446ZETX_FLASH.ld" --specs=nosys.specs -Wl,-Map="LED_Brightness_Control.map" -Wl,--gc-sections -static --specs=nano.specs -mfpu=fpv4-sp-d16 -mfloat-abi=hard -mthumb -Wl,--start-group -lc -lm -Wl,--end-group
Finished building target: LED_Brightness_Control.elf
 
arm-none-eabi-size  LED_Brightness_Control.elf 
arm-none-eabi-objdump -h -S LED_Brightness_Control.elf  > "LED_Brightness_Control.list"
   text	   data	    bss	    dec	    hex	filename
  23684	     92	   3476	  27252	   6a74	LED_Brightness_Control.elf
Finished building: default.size.stdout
 
Finished building: LED_Brightness_Control.list
 

11:41:40 Build Finished. 0 errors, 0 warnings. (took 6s.154ms)

