12:54:09 **** Incremental Build of configuration Debug for project Push_Pin ****
make -j8 all 
arm-none-eabi-gcc "../Core/Src/main.c" -mcpu=cortex-m4 -std=gnu11 -g3 -DDEBUG -DUSE_HAL_DRIVER -DSTM32F446xx -c -I../Core/Inc -I../Drivers/STM32F4xx_HAL_Driver/Inc -I../Drivers/STM32F4xx_HAL_Driver/Inc/Legacy -I../Drivers/CMSIS/Device/ST/STM32F4xx/Include -I../Drivers/CMSIS/Include -O0 -ffunction-sections -fdata-sections -Wall -fstack-usage -fcyclomatic-complexity -MMD -MP -MF"Core/Src/main.d" -MT"Core/Src/main.o" --specs=nano.specs -mfpu=fpv4-sp-d16 -mfloat-abi=hard -mthumb -o "Core/Src/main.o"
arm-none-eabi-gcc -o "Push_Pin.elf" @"objects.list"   -mcpu=cortex-m4 -T"C:\Users\kaver\OneDrive\Desktop\C_files\STM32\HAL Workspace\Push_Pin\STM32F446ZETX_FLASH.ld" --specs=nosys.specs -Wl,-Map="Push_Pin.map" -Wl,--gc-sections -static --specs=nano.specs -mfpu=fpv4-sp-d16 -mfloat-abi=hard -mthumb -Wl,--start-group -lc -lm -Wl,--end-group
Finished building target: Push_Pin.elf
 
arm-none-eabi-size  Push_Pin.elf 
arm-none-eabi-objdump -h -S Push_Pin.elf  > "Push_Pin.list"
   text	   data	    bss	    dec	    hex	filename
   6784	     12	   1572	   8368	   20b0	Push_Pin.elf
Finished building: default.size.stdout
 
Finished building: Push_Pin.list
 

12:54:12 Build Finished. 0 errors, 0 warnings. (took 2s.771ms)

