../Core/Src/main.c:77:5:main	40	static
../Core/Src/main.c:136:6:SystemClock_Config	88	static
../Core/Src/main.c:183:13:MX_I2C1_Init	8	static
../Core/Src/main.c:217:13:MX_TIM6_Init	16	static
../Core/Src/main.c:255:13:MX_USART3_UART_Init	8	static
../Core/Src/main.c:288:13:MX_USB_OTG_FS_PCD_Init	8	static
../Core/Src/main.c:321:13:MX_DMA_Init	16	static
../Core/Src/main.c:339:13:MX_GPIO_Init	56	static
../Core/Src/main.c:392:5:__io_putchar	16	static
../Core/Src/main.c:398:5:_write	24	static
../Core/Src/main.c:403:6:HAL_TIM_PeriodElapsedCallback	32	static
../Core/Src/main.c:417:6:Error_Handler	4	static,ignoring_inline_asm
