../Core/Src/main.c:82:5:main	8	static
../Core/Src/main.c:130:6:SystemClock_Config	88	static
../Core/Src/main.c:177:13:MX_TIM10_Init	8	static
../Core/Src/main.c:208:13:MX_USART2_UART_Init	8	static
../Core/Src/main.c:241:13:MX_USART3_UART_Init	8	static
../Core/Src/main.c:274:13:MX_USB_OTG_FS_PCD_Init	8	static
../Core/Src/main.c:309:13:MX_GPIO_Init	56	static
../Core/Src/main.c:362:5:__io_putchar	16	static
../Core/Src/main.c:368:5:_write	24	static
../Core/Src/main.c:374:6:HAL_TIM_PeriodElapsedCallback	416	static
../Core/Src/main.c:405:6:Error_Handler	4	static,ignoring_inline_asm
